// Jest Snapshot v1, https://goo.gl/fbAQLP

exports[`should test router 1`] = `
<div>
  <Router
    history={
      Object {
        "action": "POP",
        "block": [Function],
        "createHref": [Function],
        "go": [Function],
        "goBack": [Function],
        "goForward": [Function],
        "length": 1,
        "listen": [Function],
        "location": Object {
          "hash": "",
          "pathname": "/",
          "search": "",
          "state": undefined,
        },
        "push": [Function],
        "replace": [Function],
      }
    }
  >
    <div>
      <Switch>
        <Route
          component={[Function]}
          exact={true}
          path="/"
        />
        <Route
          component={[Function]}
          path="/dashboard"
        />
        <Route
          component={[Function]}
          path="/edit/:id"
        />
        <Route
          component={[Function]}
        />
      </Switch>
    </div>
  </Router>
</div>
`;
