// Jest Snapshot v1, https://goo.gl/fbAQLP

exports[`should test router 1`] = `
<div>
  <BrowserRouter>
    <div>
      <Header />
      <Switch>
        <Route
          component={[Function]}
          exact={true}
          path="/"
        />
        <Route
          component={[Function]}
          path="/edit/:id"
        />
        <Route
          component={[Function]}
        />
      </Switch>
    </div>
  </BrowserRouter>
</div>
`;
